0.000000000000000000e+00
1.479869939178495297e+00
2.959746109862746444e+00
4.439629127447948242e+00
5.919518469054786181e+00
7.399415084692441802e+00
8.879317320255710300e+00
1.035922688907412237e+01
1.183914280382369455e+01
1.331906495021792658e+01
1.479899358719390001e+01
1.627893002435508052e+01
1.775887138510135799e+01
1.923882000306507933e+01
2.071877596496462814e+01
2.219873651190069452e+01
2.367870589735830222e+01
2.515868169674222088e+01
2.663866222916622206e+01
2.811865232649700630e+01
2.959864684756019670e+01
3.107864817642487054e+01
3.255867142240138179e+01
3.403870943788282233e+01
3.551878400103614553e+01
3.699891459669551352e+01
3.847913267776362289e+01
3.995955268698878626e+01
4.144016959493601604e+01
4.292103944829683115e+01
4.440211378127619213e+01
4.588341104845309104e+01
4.736482966877272816e+01
4.884634872757624890e+01
5.032796126572267781e+01
5.180964475521049906e+01
5.329140516863880350e+01
5.477324439445573034e+01
5.625517579685262604e+01
5.773720856045697758e+01
5.921935966437948906e+01
6.070164080548299523e+01
6.218404519017625631e+01
6.366658827368132023e+01
6.514926292849153810e+01
6.663206595415252309e+01
6.811499258214567476e+01
6.959804004295894231e+01
7.108121126609691487e+01
7.256448571293059047e+01
7.404787786091952739e+01
7.553137763620280509e+01
7.701498409148757673e+01
7.849870478027257548e+01
7.998251971879081168e+01
8.146643334463071540e+01
8.295045349654560596e+01
8.443457422438625315e+01
8.591879776516954337e+01
8.740310831148509862e+01
8.888753241861246579e+01
9.037205518711378716e+01
9.185667226767179727e+01
9.334138797919341357e+01
9.482621201691345902e+01
9.631113496743206781e+01
9.779615139816917235e+01
9.928127016140054195e+01
1.007664947936042950e+02
1.022518206139278476e+02
1.037372444018218829e+02
1.052227765218320883e+02
1.067083968765094113e+02
1.081941293524375709e+02
1.096799593374445436e+02
1.111658924785996732e+02
1.126519343765477714e+02
1.141380713219070770e+02
1.156243199480606449e+02
1.171106679513114273e+02
1.185971163542218960e+02
1.200836823320687046e+02
1.215703367827126300e+02
1.230571038334120288e+02
1.245439826731654023e+02
1.260309572935381226e+02
1.275180397046387384e+02
1.290052270777417789e+02
1.304925351524226187e+02
1.319799338538051359e+02
1.334674458375226038e+02
1.349550639380669566e+02
1.364427950105809373e+02
1.379306352907303221e+02
1.394185810559729077e+02
1.409066412012329863e+02
1.423948012789121833e+02
1.438830846207169998e+02
1.453714881497492968e+02
1.468599848738101343e+02
1.483486035840176953e+02
