0.000000000000000000e+00
7.053550875903844610e-06
1.410708143629342238e-05
2.116059075430747256e-05
2.821407863308129620e-05
3.526754607021001877e-05
4.232099437630158366e-05
4.937441821284737416e-05
5.642782334423619380e-05
6.348120657495203367e-05
7.053456953797647194e-05
7.758791325066485736e-05
8.464123893980071657e-05
9.169455921169322103e-05
9.874791759397739900e-05
1.058014764451590948e-04
1.128558234703829226e-04
1.199127543232180512e-04
1.269775564922870261e-04
1.340646354277409517e-04
1.412104959324683891e-04
1.485004461957681906e-04
1.561182052180794125e-04
1.644248596345370935e-04
1.740807036711955176e-04
1.862176822322168964e-04
2.026509844781767340e-04
2.259630582267607929e-04
2.589373338715962136e-04
3.030819370165138802e-04
3.575716779694517876e-04
4.202151309106614218e-04
4.890566285820705916e-04
5.629328054290586632e-04
6.412617365550274309e-04
7.237269913341916588e-04
8.100586526973762918e-04
8.999445214532798224e-04
9.930215646658251301e-04
1.088891304881128841e-03
1.187145437843454329e-03
1.287394265358910057e-03
1.389291940272269297e-03
1.492548675823019083e-03
1.596927713644027491e-03
1.702236398615822625e-03
1.808317007270540113e-03
1.915040510434231789e-03
2.022302877340771340e-03
2.130022344507718438e-03
2.238136052211763070e-03
2.346596187987617498e-03
2.455366344424951726e-03
2.564416913934179990e-03
2.673726881057152116e-03
2.783276749657097576e-03
2.893050093402389864e-03
3.003032349488502038e-03
3.113211207712948247e-03
3.223575971885222699e-03
3.334116933687001662e-03
3.444826143890838271e-03
3.555696731079222017e-03
3.666722156147740434e-03
3.777896916337062858e-03
3.889216769337052425e-03
4.000677153891802305e-03
4.112274419704972130e-03
4.224005815065122460e-03
4.335868466246403131e-03
4.447859814362727614e-03
4.559977306320364687e-03
4.672219420253289658e-03
4.784583878836567127e-03
4.897069622377164116e-03
5.009674793714951821e-03
5.122397604898909496e-03
5.235238116785916572e-03
5.348194737249917056e-03
5.461266983427135076e-03
5.574454594747139946e-03
5.687756610435611322e-03
5.801173854715340784e-03
5.914705711428156973e-03
6.028352114804967458e-03
6.142113898532176007e-03
6.255991205574057586e-03
6.369984371078074928e-03
6.484094152963452810e-03
6.598322231243256529e-03
6.712668563791267771e-03
6.827135250487562784e-03
6.941723791954289811e-03
7.056435571830904467e-03
7.171272846806424697e-03
7.286238399028992577e-03
7.401335191173104462e-03
7.516566524517364137e-03
7.631936501412252619e-03
7.747449800163078160e-03
7.863112714280957524e-03
