0.000000000000000000e+00
-4.414565861588629226e-06
-8.829089878605771505e-06
-1.324357159440437671e-05
-1.765801055233695089e-05
-2.207240856948527942e-05
-2.648676473454506444e-05
-3.090107540742080756e-05
-3.531534786243842918e-05
-3.972957664052179588e-05
-4.414376173982060821e-05
-4.855790679668272827e-05
-5.297201180879510560e-05
-5.738608405091927609e-05
-6.180013443570430646e-05
-6.621422844824597015e-05
-7.062859893068968657e-05
-7.504395896933233490e-05
-7.946238962211634154e-05
-8.388957380370607028e-05
-8.833988257445028595e-05
-9.284682427264136500e-05
-9.748224742341991367e-05
-1.023863350194003020e-04
-1.078121233327990555e-04
-1.141828941090434482e-04
-1.221511843819290532e-04
-1.326025790919749497e-04
-1.464719296334247248e-04
-1.643713120456716259e-04
-1.864074437651438597e-04
-2.124808239386388319e-04
-2.426257712314092228e-04
-2.770599480173790811e-04
-3.160308848123195716e-04
-3.596341375180705049e-04
-4.077259281235939880e-04
-4.599534666355942387e-04
-5.158375867003934558e-04
-5.748540513618024747e-04
-6.364976158052976793e-04
-7.003208740416237352e-04
-7.659505083783843624e-04
-8.330851539399402325e-04
-9.014820737560332899e-04
-9.709428380097399718e-04
-1.041302318327065905e-03
-1.112422281129968760e-03
-1.184188649536626389e-03
-1.256510398808897977e-03
-1.329316413008340076e-03
-1.402550943596208135e-03
-1.476170114880516948e-03
-1.550135162705654950e-03
-1.624417455631019854e-03
-1.698987644048925846e-03
-1.773819744319051319e-03
-1.848890090474053765e-03
-1.924177682301264538e-03
-1.999663489966978496e-03
-2.075330102832486680e-03
-2.151162432168335706e-03
-2.227147244696490135e-03
-2.303271999701910627e-03
-2.379525780174892528e-03
-2.455899528556730171e-03
-2.532384180825528967e-03
-2.608971600338275913e-03
-2.685655278366038019e-03
-2.762428701873060471e-03
-2.839286053591115813e-03
-2.916221981029161643e-03
-2.993231828912497079e-03
-3.070310939807089495e-03
-3.147456055086947022e-03
-3.224663215050042019e-03
-3.301928693076760027e-03
-3.379250860337903225e-03
-3.456626454766215540e-03
-3.534053379894255050e-03
-3.611529772353730926e-03
-3.689053532661502009e-03
-3.766623730455944188e-03
-3.844238265293761173e-03
-3.921895735305162140e-03
-3.999595672597371782e-03
-4.077336209152225034e-03
-4.155116407011777077e-03
-4.232935327460770475e-03
-4.310792967503506053e-03
-4.388687454035039223e-03
-4.466618781264608887e-03
-4.544586476480961222e-03
-4.622590068960472087e-03
-4.700629086961755077e-03
-4.778704458171210978e-03
-4.856815714634203814e-03
-4.934963786015526647e-03
-5.013149138038458866e-03
-5.091373169799687931e-03
-5.169637750657679609e-03
