0.000000000000000000e+00
-4.451188622633939218e-06
-8.902415712441769102e-06
-1.335367990434876972e-05
-1.780498165215860240e-05
-2.225632004537736464e-05
-2.670769872104017395e-05
-3.115911404016902253e-05
-3.561056418294183956e-05
-4.006205278628272026e-05
-4.451358348711575985e-05
-4.896514900859516572e-05
-5.341675662556832904e-05
-5.786840997440423351e-05
-6.232016361962244844e-05
-6.677217034023463782e-05
-7.122500851636237584e-05
-7.568040963695787937e-05
-8.014353904006732421e-05
-8.462840851353181648e-05
-8.917056380292054385e-05
-9.385299039665895293e-05
-9.885398146558532773e-05
-1.045216515408453617e-04
-1.114831607443300676e-04
-1.207837677739687088e-04
-1.340218087826916538e-04
-1.533075792027327466e-04
-1.806489835990410242e-04
-2.167825290569913577e-04
-2.606439498965551493e-04
-3.103553849403972720e-04
-3.643580967917503521e-04
-4.216485789530488582e-04
-4.815543983071046696e-04
-5.435385372736245557e-04
-6.071168258823256281e-04
-6.718639383632152295e-04
-7.374426217885421408e-04
-8.036102448881754512e-04
-8.702009604299454359e-04
-9.370998437919775270e-04
-1.004224900467975967e-03
-1.071517345380912367e-03
-1.138933515795415019e-03
-1.206440159652211186e-03
-1.274010074159004358e-03
-1.341621292374417518e-03
-1.409256735582953279e-03
-1.476903515665983768e-03
-1.544552701616574986e-03
-1.612199433445204999e-03
-1.679840478692629091e-03
-1.747474810508353738e-03
-1.815103029236375676e-03
-1.882726076916196867e-03
-1.950345241166162591e-03
-2.017961340625706868e-03
-2.085575422827223857e-03
-2.153188648308046460e-03
-2.220802407202349116e-03
-2.288417854844237986e-03
-2.356036609550637984e-03
-2.423660055218823661e-03
-2.491290271318447047e-03
-2.558928871089438672e-03
-2.626577931425788659e-03
-2.694240224637267644e-03
-2.761918290186571312e-03
-2.829614898881949170e-03
-2.897333052654160745e-03
-2.965075056532262554e-03
-3.032844607187834551e-03
-3.100644472112112915e-03
-3.168477417988591061e-03
-3.236346442837045867e-03
-3.304254311739085459e-03
-3.372204020481994746e-03
-3.440198332312183194e-03
-3.508240241369642298e-03
-3.576332739875232036e-03
-3.644478124145200670e-03
-3.712679848318301001e-03
-3.780940901519092012e-03
-3.849264039817223981e-03
-3.917652017914829976e-03
-3.986108748970595972e-03
-4.054636753652640646e-03
-4.123239710181192397e-03
-4.191920832634643546e-03
-4.260683797482067714e-03
-4.329532743248654114e-03
-4.398471807093073949e-03
-4.467504198030824991e-03
-4.536635441914405042e-03
-4.605869208120116909e-03
-4.675211946075674696e-03
-4.744668249480110678e-03
-4.814245026526442484e-03
-4.883948256532155696e-03
-4.953786233512558201e-03
