0.000000000000000000e+00
2.471523791847118900e-06
4.942946897568134546e-06
7.414269543537521656e-06
9.885491956351799558e-06
1.235661277088073717e-05
1.482763607896231406e-05
1.729855551313441708e-05
1.976937652981014537e-05
2.224009548978944650e-05
2.471071421139559021e-05
2.718123633194124977e-05
2.965165275503611753e-05
3.212197257518312199e-05
3.459219761015042138e-05
3.706233877198705784e-05
3.953244335019867606e-05
4.200266049037004734e-05
4.447340488622497645e-05
4.694581512287854252e-05
4.942268852625719688e-05
5.191030717544009576e-05
5.442142417999562554e-05
5.697939568716225978e-05
5.962407023973881337e-05
6.241982287935599061e-05
6.546550947361673423e-05
6.890781612578500415e-05
7.296639609821742312e-05
7.796543274241063415e-05
8.432125867063877678e-05
9.247249477695174136e-05
1.028204114973396699e-04
1.157111667203780669e-04
1.313981465691504980e-04
1.499808124313384283e-04
1.713738986771629058e-04
1.953114626899177253e-04
2.213844805752929190e-04
2.491249500822245722e-04
2.781070562901666321e-04
3.080099661726398708e-04
3.386247360709360166e-04
3.698299864691723116e-04
4.015635248064697294e-04
4.337995407190931019e-04
4.665318743541924107e-04
4.997633316426997041e-04
5.334991279576373202e-04
5.677450464525168883e-04
6.025060052157193979e-04
6.377852968266761735e-04
6.735835384240607127e-04
7.098952370933053757e-04
7.467168774550891897e-04
7.840362135566047996e-04
8.218377957690536917e-04
8.601035529722800277e-04
8.988123843816087088e-04
9.379424307147665729e-04
9.774703163279996332e-04
1.017372955050221961e-03
1.057627199948063534e-03
1.098210833952784071e-03
1.139101870424874541e-03
1.180279485575530529e-03
1.221723319314471645e-03
1.263413941001378937e-03
1.305333082923909593e-03
1.347463290702344274e-03
1.389788040230377497e-03
1.432292320610484282e-03
1.474962168030891085e-03
1.517784549446843378e-03
1.560747828780351121e-03
1.603841184126153507e-03
1.647054957850557777e-03
1.690380190189189058e-03
1.733808619519106031e-03
1.777332682312504630e-03
1.820945513499094837e-03
1.864640130082584335e-03
1.908410947401018021e-03
1.952251913121538784e-03
1.996157207151294521e-03
2.040121708197450978e-03
2.084140644165510814e-03
2.128208892005600816e-03
2.172321561199508366e-03
2.216474693676584451e-03
2.260663863989931244e-03
2.304885112629606603e-03
2.349134712695155613e-03
2.393409636623711201e-03
2.437706856050159132e-03
2.482023342094574758e-03
2.526357231874443166e-03
2.570706195267558059e-03
2.615068601233727641e-03
2.659442818488066962e-03
2.703827914737555460e-03
