0.000000000000000000e+00
-4.952494361213448911e-07
-9.904820714925193320e-07
-1.485697963026398144e-06
-1.980896940264321158e-06
-2.476079458016837870e-06
-2.971244834236680310e-06
-3.466393751106292319e-06
-3.961525526602503589e-06
-4.456640615516410871e-06
-4.951739472623808841e-06
-5.446820733844312090e-06
-5.941884399218950045e-06
-6.436928195192594162e-06
-6.931938934634096127e-06
-7.426871599620601547e-06
-7.921572947196086337e-06
-8.415555966990849067e-06
-8.907395554710876014e-06
-9.393185646714668737e-06
-9.862916026142440820e-06
-1.029283674984656978e-05
-1.063105110665375532e-05
-1.077481148167924523e-05
-1.053804138442431939e-05
-9.612247780963099493e-06
-7.536646227168238588e-06
-3.745464927670692449e-06
2.154256190167471508e-06
9.871763874056521773e-06
1.818974206301238818e-05
2.546405465910062902e-05
3.028804968258155754e-05
3.171445379146479489e-05
2.925392665473815776e-05
2.290449033383577272e-05
1.312606966150985152e-05
6.949067878958492146e-07
-1.348584752767569750e-05
-2.856102498977571079e-05
-4.384686342298306722e-05
-5.886560347052937974e-05
-7.332020259025577862e-05
-8.705165120321303436e-05
-9.999745249284314695e-05
-1.121590140465709214e-04
-1.235787140351907848e-04
-1.343210383583696662e-04
-1.444566390401124127e-04
-1.540509545327134542e-04
-1.631589297698522810e-04
-1.718250485137064686e-04
-1.800854436087512354e-04
-1.879740152566916210e-04
-1.955131354861888878e-04
-2.027287722522318355e-04
-2.096434733522804393e-04
-2.162775876440972179e-04
-2.226501224229572064e-04
-2.287787438966087657e-04
-2.346799518448362744e-04
-2.403693414557513304e-04
-2.458612550459737030e-04
-2.511691455645217877e-04
-2.563055185998923792e-04
-2.612821361941267736e-04
-2.661101765092548695e-04
-2.707998566225858607e-04
-2.753607523514889897e-04
-2.798018273684003943e-04
-2.841317235980706977e-04
-2.883587035569549974e-04
-2.924906498824136848e-04
-2.965351821790316320e-04
-3.004993957432574702e-04
-3.043898616702281324e-04
-3.082127722085368973e-04
-3.119738247252269703e-04
-3.156783670343223233e-04
-3.193312813640832460e-04
-3.229371875828801388e-04
-3.265003855214276287e-04
-3.300248834720577147e-04
-3.335143988119517030e-04
-3.369724739973138910e-04
-3.404024185672119892e-04
-3.438074827454888844e-04
-3.471906844187348361e-04
-3.505549822384500724e-04
-3.539031602726238159e-04
-3.572379146765563879e-04
-3.605618247357885798e-04
-3.638773240913172318e-04
-3.671866431845654264e-04
-3.704917501855184967e-04
-3.737945554026762623e-04
-3.770965329919666927e-04
-3.803990704246475738e-04
-3.837029745546014945e-04
-3.870090522751895015e-04
-3.903173852736246865e-04
