0.000000000000000000e+00
2.386178480584533190e-06
4.772444698430966525e-06
7.158798195572302348e-06
9.545239423314200167e-06
1.193176792346761772e-05
1.431838369281290824e-05
1.670508854667573928e-05
1.909187884430174620e-05
2.147875821989497780e-05
2.386572485091331686e-05
2.625277873447018351e-05
2.863992350576882728e-05
3.102716643899050553e-05
3.341455119165726018e-05
3.580222694143930795e-05
3.819070673138913463e-05
4.058160248410214166e-05
4.297964086663608185e-05
4.539772121814333872e-05
4.786859987571112640e-05
5.046903065963892487e-05
5.336468072458799838e-05
5.688052161922918515e-05
6.160432701096674180e-05
6.851780698757803378e-05
7.912202081805652654e-05
9.538344837922707597e-05
1.190941710710324841e-04
1.506709680840767618e-04
1.886363374322685971e-04
2.306765155937195999e-04
2.748327584820575709e-04
3.197573865834080209e-04
3.645270515658660671e-04
4.085077508733103713e-04
4.513029245690747260e-04
4.927552252992351001e-04
5.329382407404104072e-04
5.720784502173392738e-04
6.104367702207680324e-04
6.482196327842748573e-04
6.855545289634612516e-04
7.225039138198940947e-04
7.590867732120143430e-04
7.952953439853693851e-04
8.311089794400539077e-04
8.665027804680702772e-04
9.014541985109536526e-04
9.359446929425585537e-04
9.699607947359911719e-04
1.003493701346003242e-03
1.036540152268061732e-03
1.069104211145810446e-03
1.101190721746747592e-03
1.132812649821013373e-03
1.163986566375174725e-03
1.194731829283091074e-03
1.225070472999800764e-03
1.255025924947861249e-03
1.284622306167326755e-03
1.313884672790255337e-03
1.342837266797292095e-03
1.371504440430104665e-03
1.399909500204521429e-03
1.428075760619096357e-03
1.456025478788203209e-03
1.483780796601164020e-03
1.511362700231333456e-03
1.538791703973196867e-03
1.566086808679423292e-03
1.593266316057606602e-03
1.620347482226836000e-03
1.647345927026977463e-03
1.674276700805776841e-03
1.701153326595372661e-03
1.727988510783595721e-03
1.754794285101834994e-03
1.781581725093572821e-03
1.808361453387807849e-03
1.835143394745775147e-03
1.861937119351897429e-03
1.888751863412196919e-03
1.915596378537443023e-03
1.942479425595555753e-03
1.969409429583901527e-03
1.996394559776737410e-03
2.023443349380760203e-03
2.050563514792602682e-03
2.077763488004369385e-03
2.105050736023628133e-03
2.132433690813284599e-03
2.159919610167926329e-03
2.187516452072379991e-03
2.215231708119214105e-03
2.243073130117401170e-03
2.271048444809298239e-03
2.299165406720149463e-03
2.327431996445028517e-03
2.355856915073673008e-03
2.384449342769490165e-03
