0.000000000000000000e+00
-1.341877255545695462e-06
-2.683766599261125541e-06
-4.025668372264580369e-06
-5.367582006176665896e-06
-6.709508410555421210e-06
-8.051446221199482571e-06
-9.393396347686284003e-06
-1.073535924479708735e-05
-1.207733400311449447e-05
-1.341932062267512766e-05
-1.476132092256984470e-05
-1.610333217436172508e-05
-1.744536074489994517e-05
-1.878741573039221098e-05
-2.012954261058120894e-05
-2.147188874155130824e-05
-2.281492530186258878e-05
-2.416002035877921978e-05
-2.551093430620137331e-05
-2.687722011738880417e-05
-2.828134776207313198e-05
-2.977187805822168224e-05
-3.144385630671687646e-05
-3.346764956922088427e-05
-3.612481685986002853e-05
-3.984373007397712147e-05
-4.519248354566257338e-05
-5.271298032784334356e-05
-6.256618411269832349e-05
-7.433230991201359252e-05
-8.731945367174041514e-05
-1.009760667327821185e-04
-1.149918514035423782e-04
-1.292111732454531735e-04
-1.435548899496514631e-04
-1.579772139281024009e-04
-1.724339617322310917e-04
-1.868639560002247871e-04
-2.011931151044132069e-04
-2.153529289591976864e-04
-2.292968094250935553e-04
-2.430014680470160072e-04
-2.564600303399762666e-04
-2.696757343338017018e-04
-2.826573466862400061e-04
-2.954162386417093179e-04
-3.079639560512928398e-04
-3.203100073679117019e-04
-3.324611939714660464e-04
-3.444218433690182050e-04
-3.561949451233182022e-04
-3.677834039840342122e-04
-3.791916724211832641e-04
-3.904233887130450814e-04
-4.014857502880556789e-04
-4.123866282013962216e-04
-4.231352080731286529e-04
-4.337414658110682318e-04
-4.442159049674316955e-04
-4.545692650880152233e-04
-4.648123761090680378e-04
-4.749557203816311872e-04
-4.850097244033105075e-04
-4.949843210206109892e-04
-5.048892120912130922e-04
-5.147334889736796546e-04
-5.245258368683147418e-04
-5.342742426910050430e-04
-5.439861701636765443e-04
-5.536686757156818661e-04
-5.633281755991389464e-04
-5.729708536624453230e-04
-5.826023694071218520e-04
-5.922280333633164317e-04
-6.018528064501500914e-04
-6.114813585862892246e-04
-6.211183019156840072e-04
-6.307678407585004315e-04
-6.404340633675832629e-04
-6.501212333043122080e-04
-6.598330315712813655e-04
-6.695734312600870163e-04
-6.793462309560669311e-04
-6.891551133350851295e-04
-6.990037615488939489e-04
-7.088957426505480136e-04
-7.188344496665546521e-04
-7.288234506987714603e-04
-7.388659067643435236e-04
-7.489649205326695883e-04
-7.591235960175057515e-04
-7.693449203602125601e-04
-7.796316485465950392e-04
-7.899863608356200726e-04
-8.004117549549943575e-04
-8.109102959260436252e-04
-8.214843327181314044e-04
-8.321364484752849337e-04
-8.428691109102321669e-04
-8.536847304807185103e-04
