0.000000000000000000e+00
1.667488515377044678e-01
3.334995508193969727e-01
5.002521276473999023e-01
6.670064926147460938e-01
8.337627649307250977e-01
1.000520825386047363e+00
1.167280793190002441e+00
1.334042668342590332e+00
1.500806331634521484e+00
1.667571783065795898e+00
1.834339380264282227e+00
2.001108407974243164e+00
2.167879581451416016e+00
2.334652423858642578e+00
2.501427173614501953e+00
2.668204069137573242e+00
2.834982633590698242e+00
3.001762628555297852e+00
3.168545246124267578e+00
3.335330009460449219e+00
3.502117156982421875e+00
3.668908119201660156e+00
3.835704803466796875e+00
4.002512931823730469e+00
4.169339179992675781e+00
4.336197376251220703e+00
4.503104209899902344e+00
4.670079231262207031e+00
4.837133407592773438e+00
5.004260063171386719e+00
5.171443462371826172e+00
5.338672637939453125e+00
5.505935192108154297e+00
5.673226356506347656e+00
5.840539455413818359e+00
6.007872581481933594e+00
6.175224304199218750e+00
6.342591285705566406e+00
6.509975433349609375e+00
6.677375793457031250e+00
6.844792366027832031e+00
7.012224674224853516e+00
7.179674148559570312e+00
7.347139835357666016e+00
7.514618396759033203e+00
7.682113647460937500e+00
7.849623203277587891e+00
8.017146110534667969e+00
8.184682846069335938e+00
8.352232933044433594e+00
8.519794464111328125e+00
8.687370300292968750e+00
8.854956626892089844e+00
9.022554397583007812e+00
9.190163612365722656e+00
9.357783317565917969e+00
9.525413513183593750e+00
9.693056106567382812e+00
9.860709190368652344e+00
1.002837371826171875e+01
1.019604969024658203e+01
1.036373615264892578e+01
1.053143692016601562e+01
1.069914913177490234e+01
1.086687374114990234e+01
1.103460979461669922e+01
1.120236015319824219e+01
1.137012290954589844e+01
1.153789997100830078e+01
1.170569038391113281e+01
1.187349510192871094e+01
1.204131317138671875e+01
1.220914840698242188e+01
1.237699699401855469e+01
1.254485988616943359e+01
1.271273899078369141e+01
1.288063430786132812e+01
1.304854583740234375e+01
1.321647167205810547e+01
1.338441562652587891e+01
1.355237674713134766e+01
1.372035312652587891e+01
1.388834953308105469e+01
1.405636119842529297e+01
1.422439098358154297e+01
1.439244079589843750e+01
1.456050586700439453e+01
1.472859096527099609e+01
1.489669513702392578e+01
1.506481933593750000e+01
1.523296451568603516e+01
1.540112686157226562e+01
1.556931304931640625e+01
1.573751735687255859e+01
1.590574359893798828e+01
1.607398986816406250e+01
1.624225997924804688e+01
1.641055107116699219e+01
1.657886505126953125e+01
1.674720382690429688e+01
