0.000000000000000000e+00
-6.493285298347473145e-01
-1.298659920692443848e+00
-1.947994470596313477e+00
-2.597331762313842773e+00
-3.246672391891479492e+00
-3.896015644073486328e+00
-4.545361995697021484e+00
-5.194711208343505859e+00
-5.844063758850097656e+00
-6.493418693542480469e+00
-7.142776966094970703e+00
-7.792138576507568359e+00
-8.441502571105957031e+00
-9.090869903564453125e+00
-9.740239143371582031e+00
-1.038961315155029297e+01
-1.103898906707763672e+01
-1.168836688995361328e+01
-1.233775043487548828e+01
-1.298713493347167969e+01
-1.363651943206787109e+01
-1.428592586517333984e+01
-1.493533611297607422e+01
-1.558477020263671875e+01
-1.623423957824707031e+01
-1.688376235961914062e+01
-1.753344345092773438e+01
-1.818325042724609375e+01
-1.883323287963867188e+01
-1.948333740234375000e+01
-2.013362884521484375e+01
-2.078399467468261719e+01
-2.143442916870117188e+01
-2.208492660522460938e+01
-2.273546218872070312e+01
-2.338602828979492188e+01
-2.403661537170410156e+01
-2.468722152709960938e+01
-2.533784675598144531e+01
-2.598850250244140625e+01
-2.663919448852539062e+01
-2.728991508483886719e+01
-2.794067573547363281e+01
-2.859146690368652344e+01
-2.924230003356933594e+01
-2.989316177368164062e+01
-3.054405593872070312e+01
-3.119498443603515625e+01
-3.184593582153320312e+01
-3.249691772460937500e+01
-3.314792633056640625e+01
-3.379896163940429688e+01
-3.444999313354492188e+01
-3.510108184814453125e+01
-3.575219345092773438e+01
-3.640332412719726562e+01
-3.705448150634765625e+01
-3.770565795898437500e+01
-3.835684967041015625e+01
-3.900806808471679688e+01
-3.965931320190429688e+01
-4.031057357788085938e+01
-4.096185684204101562e+01
-4.161317443847656250e+01
-4.226451110839843750e+01
-4.291586685180664062e+01
-4.356724929809570312e+01
-4.421866226196289062e+01
-4.487010192871093750e+01
-4.552156066894531250e+01
-4.617305374145507812e+01
-4.682457351684570312e+01
-4.747611618041992188e+01
-4.812768936157226562e+01
-4.877929306030273438e+01
-4.943093109130859375e+01
-5.008259201049804688e+01
-5.073428344726562500e+01
-5.138601303100585938e+01
-5.203776168823242188e+01
-5.268955230712890625e+01
-5.334137344360351562e+01
-5.399322509765625000e+01
-5.464511489868164062e+01
-5.529703140258789062e+01
-5.594898605346679688e+01
-5.660097503662109375e+01
-5.725300216674804688e+01
-5.790505981445312500e+01
-5.855715560913085938e+01
-5.920928573608398438e+01
-5.986145782470703125e+01
-6.051366424560546875e+01
-6.116591262817382812e+01
-6.181819534301757812e+01
-6.247052001953125000e+01
-6.312289047241210938e+01
-6.377529907226562500e+01
-6.442774963378906250e+01
-6.508023834228515625e+01
