0.000000000000000000e+00
-5.081617832183837891e-01
-1.016318917274475098e+00
-1.524471402168273926e+00
-2.032619476318359375e+00
-2.540762901306152344e+00
-3.048901796340942383e+00
-3.557035923004150391e+00
-4.065165996551513672e+00
-4.573290348052978516e+00
-5.081410884857177734e+00
-5.589527606964111328e+00
-6.097639083862304688e+00
-6.605745792388916016e+00
-7.113847732543945312e+00
-7.621945858001708984e+00
-8.130039215087890625e+00
-8.638128280639648438e+00
-9.146211624145507812e+00
-9.654290199279785156e+00
-1.016236400604248047e+01
-1.067043209075927734e+01
-1.117849159240722656e+01
-1.168653869628906250e+01
-1.219456481933593750e+01
-1.270255374908447266e+01
-1.321048545837402344e+01
-1.371831893920898438e+01
-1.422602367401123047e+01
-1.473357391357421875e+01
-1.524097251892089844e+01
-1.574823188781738281e+01
-1.625536918640136719e+01
-1.676238822937011719e+01
-1.726930046081542969e+01
-1.777610778808593750e+01
-1.828281593322753906e+01
-1.878943061828613281e+01
-1.929596138000488281e+01
-1.980240821838378906e+01
-2.030877876281738281e+01
-2.081507301330566406e+01
-2.132129478454589844e+01
-2.182744407653808594e+01
-2.233352279663085938e+01
-2.283953094482421875e+01
-2.334546852111816406e+01
-2.385134124755859375e+01
-2.435713958740234375e+01
-2.486287117004394531e+01
-2.536853408813476562e+01
-2.587412643432617188e+01
-2.637965011596679688e+01
-2.688510513305664062e+01
-2.739049148559570312e+01
-2.789581108093261719e+01
-2.840106010437011719e+01
-2.890624046325683594e+01
-2.941135597229003906e+01
-2.991639709472656250e+01
-3.042137336730957031e+01
-3.092627525329589844e+01
-3.143111228942871094e+01
-3.193587875366210938e+01
-3.244057464599609375e+01
-3.294520187377929688e+01
-3.344976043701171875e+01
-3.395425033569335938e+01
-3.445866775512695312e+01
-3.496302032470703125e+01
-3.546730041503906250e+01
-3.597151184082031250e+01
-3.647564697265625000e+01
-3.697971725463867188e+01
-3.748371505737304688e+01
-3.798764419555664062e+01
-3.849149322509765625e+01
-3.899528121948242188e+01
-3.949899291992187500e+01
-4.000263595581054688e+01
-4.050620651245117188e+01
-4.100970840454101562e+01
-4.151313018798828125e+01
-4.201648330688476562e+01
-4.251976013183593750e+01
-4.302296829223632812e+01
-4.352610015869140625e+01
-4.402915573120117188e+01
-4.453215026855468750e+01
-4.503506088256835938e+01
-4.553790283203125000e+01
-4.604066085815429688e+01
-4.654335021972656250e+01
-4.704595947265625000e+01
-4.754849624633789062e+01
-4.805096054077148438e+01
-4.855334472656250000e+01
-4.905564880371093750e+01
-4.955788421630859375e+01
-5.006003189086914062e+01
-5.056210708618164062e+01
