0.000000000000000000e+00
5.113563537597656250e-01
1.022726416587829590e+00
1.534110903739929199e+00
2.045509099960327148e+00
2.556921482086181641e+00
3.068347215652465820e+00
3.579787731170654297e+00
4.091241836547851562e+00
4.602710247039794922e+00
5.114192485809326172e+00
5.625688076019287109e+00
6.137198448181152344e+00
6.648721694946289062e+00
7.160261154174804688e+00
7.671812057495117188e+00
8.183379173278808594e+00
8.694959640502929688e+00
9.206553459167480469e+00
9.718162536621093750e+00
1.022978496551513672e+01
1.074142456054687500e+01
1.125308036804199219e+01
1.176476001739501953e+01
1.227647399902343750e+01
1.278823661804199219e+01
1.330007362365722656e+01
1.381203269958496094e+01
1.432414817810058594e+01
1.483647441864013672e+01
1.534903335571289062e+01
1.586184597015380859e+01
1.637493896484375000e+01
1.688835144042968750e+01
1.740211296081542969e+01
1.791625213623046875e+01
1.843078613281250000e+01
1.894571304321289062e+01
1.946102333068847656e+01
1.997669792175292969e+01
2.049271202087402344e+01
2.100905418395996094e+01
2.152570152282714844e+01
2.204265022277832031e+01
2.255988883972167969e+01
2.307741355895996094e+01
2.359521102905273438e+01
2.411328697204589844e+01
2.463163375854492188e+01
2.515024375915527344e+01
2.566912460327148438e+01
2.618827247619628906e+01
2.670768356323242188e+01
2.722736167907714844e+01
2.774730110168457031e+01
2.826750373840332031e+01
2.878797531127929688e+01
2.930870819091796875e+01
2.982970237731933594e+01
3.035095787048339844e+01
3.087247657775878906e+01
3.139426040649414062e+01
3.191629409790039062e+01
3.243859100341796875e+01
3.296115493774414062e+01
3.348397064208984375e+01
3.400704193115234375e+01
3.453036880493164062e+01
3.505396270751953125e+01
3.557780456542968750e+01
3.610190582275390625e+01
3.662626266479492188e+01
3.715087127685546875e+01
3.767573165893554688e+01
3.820085144042968750e+01
3.872621917724609375e+01
3.925185012817382812e+01
3.977772521972656250e+01
4.030386352539062500e+01
4.083024978637695312e+01
4.135688018798828125e+01
4.188377761840820312e+01
4.241091537475585938e+01
4.293830871582031250e+01
4.346596145629882812e+01
4.399386215209960938e+01
4.452201080322265625e+01
4.505041122436523438e+01
4.557907104492187500e+01
4.610797500610351562e+01
4.663713073730468750e+01
4.716654205322265625e+01
4.769620132446289062e+01
4.822611236572265625e+01
4.875627899169921875e+01
4.928668975830078125e+01
4.981735229492187500e+01
5.034827041625976562e+01
5.087944412231445312e+01
5.141085815429687500e+01
5.194253158569335938e+01
