0.000000000000000000e+00
-1.971523612737655640e-01
-3.943017125129699707e-01
-5.914480090141296387e-01
-7.885912060737609863e-01
-9.857315421104431152e-01
-1.182868599891662598e+00
-1.380002737045288086e+00
-1.577133893966674805e+00
-1.774261951446533203e+00
-1.971387028694152832e+00
-2.168508768081665039e+00
-2.365627765655517578e+00
-2.562743663787841797e+00
-2.759856700897216797e+00
-2.956966161727905273e+00
-3.154072999954223633e+00
-3.351176738739013672e+00
-3.548277616500854492e+00
-3.745375156402587891e+00
-3.942470073699951172e+00
-4.139562606811523438e+00
-4.336653232574462891e+00
-4.533743858337402344e+00
-4.730837821960449219e+00
-4.927939414978027344e+00
-5.125060081481933594e+00
-5.322207927703857422e+00
-5.519389629364013672e+00
-5.716594696044921875e+00
-5.913784027099609375e+00
-6.110899448394775391e+00
-6.307884693145751953e+00
-6.504693508148193359e+00
-6.701295852661132812e+00
-6.897676944732666016e+00
-7.093842983245849609e+00
-7.289824485778808594e+00
-7.485654354095458984e+00
-7.681372165679931641e+00
-7.877010345458984375e+00
-8.072593688964843750e+00
-8.268140792846679688e+00
-8.463661193847656250e+00
-8.659164428710937500e+00
-8.854653358459472656e+00
-9.050125122070312500e+00
-9.245583534240722656e+00
-9.441024780273437500e+00
-9.636445999145507812e+00
-9.831848144531250000e+00
-1.002722835540771484e+01
-1.022258758544921875e+01
-1.041792297363281250e+01
-1.061323642730712891e+01
-1.080852699279785156e+01
-1.100379371643066406e+01
-1.119903564453125000e+01
-1.139425468444824219e+01
-1.158944892883300781e+01
-1.178461742401123047e+01
-1.197976016998291016e+01
-1.217487812042236328e+01
-1.236996936798095703e+01
-1.256503582000732422e+01
-1.276007270812988281e+01
-1.295508480072021484e+01
-1.315006828308105469e+01
-1.334502506256103516e+01
-1.353995132446289062e+01
-1.373485088348388672e+01
-1.392972087860107422e+01
-1.412456130981445312e+01
-1.431937313079833984e+01
-1.451415348052978516e+01
-1.470890522003173828e+01
-1.490362262725830078e+01
-1.509831237792968750e+01
-1.529296588897705078e+01
-1.548758983612060547e+01
-1.568218231201171875e+01
-1.587674236297607422e+01
-1.607126808166503906e+01
-1.626575851440429688e+01
-1.646021842956542969e+01
-1.665464210510253906e+01
-1.684902954101562500e+01
-1.704338645935058594e+01
-1.723770713806152344e+01
-1.743199157714843750e+01
-1.762623977661132812e+01
-1.782045173645019531e+01
-1.801462745666503906e+01
-1.820876502990722656e+01
-1.840286636352539062e+01
-1.859693145751953125e+01
-1.879095458984375000e+01
-1.898494148254394531e+01
-1.917888641357421875e+01
-1.937279701232910156e+01
-1.956666564941406250e+01
