0.000000000000000000e+00
-2.371531352400779724e-02
-4.742727801203727722e-02
-7.113584131002426147e-02
-9.484110027551651001e-02
-1.185429096221923828e-01
-1.422414481639862061e-01
-1.659365296363830566e-01
-1.896283775568008423e-01
-2.133166939020156860e-01
-2.370018362998962402e-01
-2.606835961341857910e-01
-2.843618094921112061e-01
-3.080368936061859131e-01
-3.317083418369293213e-01
-3.553767204284667969e-01
-3.790414631366729736e-01
-4.027031064033508301e-01
-4.263610839843750000e-01
-4.500157535076141357e-01
-4.736668765544891357e-01
-4.973140358924865723e-01
-5.209569931030273438e-01
-5.445938706398010254e-01
-5.682216286659240723e-01
-5.918364524841308594e-01
-6.154304742813110352e-01
-6.389914751052856445e-01
-6.625075340270996094e-01
-6.859675049781799316e-01
-7.093651294708251953e-01
-7.326977252960205078e-01
-7.559609413146972656e-01
-7.791463732719421387e-01
-8.022475838661193848e-01
-8.252571225166320801e-01
-8.481727242469787598e-01
-8.709932565689086914e-01
-8.937209844589233398e-01
-9.163601398468017578e-01
-9.389140009880065918e-01
-9.613870978355407715e-01
-9.837826490402221680e-01
-1.006103157997131348e+00
-1.028351426124572754e+00
-1.050529241561889648e+00
-1.072639107704162598e+00
-1.094681262969970703e+00
-1.116657972335815430e+00
-1.138571262359619141e+00
-1.160419583320617676e+00
-1.182205200195312500e+00
-1.203927755355834961e+00
-1.225588083267211914e+00
-1.247186660766601562e+00
-1.268723964691162109e+00
-1.290199398994445801e+00
-1.311613917350769043e+00
-1.332967042922973633e+00
-1.354259610176086426e+00
-1.375491619110107422e+00
-1.396662831306457520e+00
-1.417774677276611328e+00
-1.438825607299804688e+00
-1.459816098213195801e+00
-1.480747103691101074e+00
-1.501618862152099609e+00
-1.522430896759033203e+00
-1.543181896209716797e+00
-1.563874721527099609e+00
-1.584507346153259277e+00
-1.605080008506774902e+00
-1.625593900680541992e+00
-1.646048903465270996e+00
-1.666443228721618652e+00
-1.686779022216796875e+00
-1.707055687904357910e+00
-1.727272987365722656e+00
-1.747429966926574707e+00
-1.767529129981994629e+00
-1.787568688392639160e+00
-1.807549118995666504e+00
-1.827469825744628906e+00
-1.847331523895263672e+00
-1.867133736610412598e+00
-1.886877775192260742e+00
-1.906562209129333496e+00
-1.926187157630920410e+00
-1.945752382278442383e+00
-1.965259552001953125e+00
-1.984707236289978027e+00
-2.004095077514648438e+00
-2.023424148559570312e+00
-2.042694091796875000e+00
-2.061903953552246094e+00
-2.081055641174316406e+00
-2.100147247314453125e+00
-2.119180917739868164e+00
-2.138152837753295898e+00
-2.157068014144897461e+00
-2.175921201705932617e+00
